\BOOKMARK [1][-]{section.1}{\376\377\003\225\003\271\003\303\003\261\003\263\003\311\003\263\003\256}{}% 1
\BOOKMARK [2][-]{subsection.1.1}{\376\377\003\221\003\301\003\307\003\256\000\040\003\233\003\265\003\271\003\304\003\277\003\305\003\301\003\263\003\257\003\261\003\302}{section.1}% 2
\BOOKMARK [2][-]{subsection.1.2}{\376\377\003\224\003\277\003\274\003\256\000\040\003\304\003\267\003\302\000\040\003\221\003\275\003\261\003\306\003\277\003\301\003\254\003\302}{section.1}% 3
\BOOKMARK [1][-]{section.2}{\376\377\003\225\003\275\003\271\003\303\003\307\003\305\003\304\003\256\003\302\000\040\003\243\003\306\003\254\003\273\003\274\003\261\003\304\003\277\003\302}{}% 4
\BOOKMARK [2][-]{subsection.2.1}{\376\377\003\225\003\272\003\304\003\257\003\274\003\267\003\303\003\267\000\040\003\304\003\311\003\275\000\040\003\233\003\314\003\263\003\311\003\275\000\040\003\304\003\311\003\275\000\040\000T\000r\000a\000n\000s\000i\000s\000t\000o\000r}{section.2}% 5
\BOOKMARK [2][-]{subsection.2.2}{\376\377\003\240\003\301\003\277\003\303\003\277\003\274\003\277\003\271\003\316\003\303\003\265\003\271\003\302}{section.2}% 6
\BOOKMARK [3][-]{subsubsection.2.2.1}{\376\377\003\225\003\315\003\301\003\277\003\302\000\040\003\226\003\316\003\275\003\267\003\302}{subsection.2.2}% 7
\BOOKMARK [3][-]{subsubsection.2.2.2}{\376\377\003\241\003\305\003\270\003\274\003\314\003\302\000\040\003\234\003\265\003\304\003\261\003\262\003\277\003\273\003\256\003\302}{subsection.2.2}% 8
\BOOKMARK [3][-]{subsubsection.2.2.3}{\376\377\003\221\003\300\003\314\003\272\003\301\003\271\003\303\003\267\000\040\003\232\003\255\003\301\003\264\003\277\003\305\003\302\000\040\003\272\003\261\003\271\000\040\003\246\003\254\003\303\003\267\003\302}{subsection.2.2}% 9
\BOOKMARK [2][-]{subsection.2.3}{\376\377\003\246\003\305\003\303\003\271\003\272\003\314\000\040\003\243\003\307\003\255\003\264\003\271\003\277}{section.2}% 10
\BOOKMARK [1][-]{section.3}{\376\377\003\241\003\305\003\270\003\274\003\271\003\303\003\304\003\256\003\302\000\040\000L\000D\000O}{}% 11
\BOOKMARK [2][-]{subsection.3.1}{\376\377\003\224\003\271\003\261\003\303\003\304\003\261\003\303\003\271\003\277\003\273\003\314\003\263\003\267\003\303\003\267\000\040\003\243\003\304\003\277\003\271\003\307\003\265\003\257\003\277\003\305\000\040\003\224\003\271\003\255\003\273\003\265\003\305\003\303\003\267\003\302\000\040\000\050\000M\000p\000e\000\051}{section.3}% 12
\BOOKMARK [2][-]{subsection.3.2}{\376\377\003\240\003\301\003\277\003\303\003\277\003\274\003\277\003\271\003\316\003\303\003\265\003\271\003\302}{section.3}% 13
\BOOKMARK [3][-]{subsubsection.3.2.1}{\376\377\003\240\003\261\003\301\003\261\003\274\003\265\003\304\003\301\003\271\003\272\003\256\000\040\003\221\003\275\003\254\003\273\003\305\003\303\003\267\000:\000\040\003\241\003\315\003\270\003\274\003\271\003\303\003\267\000\040\003\304\003\277\003\305\000\040\003\243\003\304\003\277\003\271\003\307\003\265\003\257\003\277\003\305\000\040\003\224\003\271\003\265\003\315\003\273\003\265\003\303\003\267\003\302}{subsection.3.2}% 14
\BOOKMARK [3][-]{subsubsection.3.2.2}{\376\377\003\241\003\315\003\270\003\274\003\271\003\303\003\267\000\040\003\223\003\301\003\261\003\274\003\274\003\256\003\302}{subsection.3.2}% 15
\BOOKMARK [3][-]{subsubsection.3.2.3}{\376\377\003\241\003\315\003\270\003\274\003\271\003\303\003\267\000\040\003\246\003\277\003\301\003\304\003\257\003\277\003\305}{subsection.3.2}% 16
\BOOKMARK [2][-]{subsection.3.3}{\376\377\003\232\003\261\003\304\003\261\003\275\003\254\003\273\003\311\003\303\003\267\000\040\003\231\003\303\003\307\003\315\003\277\003\302}{section.3}% 17
\BOOKMARK [3][-]{subsubsection.3.3.1}{\376\377\003\230\003\265\003\311\003\301\003\267\003\304\003\271\003\272\003\314\000\040\003\245\003\300\003\314\003\262\003\261\003\270\003\301\003\277\000\040\003\272\003\261\003\271\000\040\003\243\003\267\003\274\003\261\003\303\003\257\003\261}{subsection.3.3}% 18
\BOOKMARK [3][-]{subsubsection.3.3.2}{\376\377\003\234\003\265\003\270\003\277\003\264\003\277\003\273\003\277\003\263\003\257\003\261\000\040\003\240\003\301\003\277\003\303\003\277\003\274\003\277\003\257\003\311\003\303\003\267\003\302}{subsection.3.3}% 19
\BOOKMARK [3][-]{subsubsection.3.3.3}{\376\377\003\221\003\275\003\254\003\273\003\305\003\303\003\267\000\040\003\221\003\300\003\277\003\304\003\265\003\273\003\265\003\303\003\274\003\254\003\304\003\311\003\275}{subsection.3.3}% 20
\BOOKMARK [2][-]{subsection.3.4}{\376\377\003\246\003\305\003\303\003\271\003\272\003\314\000\040\003\243\003\307\003\255\003\264\003\271\003\277}{section.3}% 21
\BOOKMARK [3][-]{subsubsection.3.4.1}{\376\377\003\243\003\304\003\301\003\261\003\304\003\267\003\263\003\271\003\272\003\256\000\040\003\247\003\311\003\301\003\277\003\270\003\255\003\304\003\267\003\303\003\267\003\302}{subsection.3.4}% 22
\BOOKMARK [3][-]{subsubsection.3.4.2}{\376\377\003\243\003\304\003\277\003\271\003\307\003\265\003\257\003\277\000\040\003\224\003\271\003\255\003\273\003\265\003\305\003\303\003\267\003\302}{subsection.3.4}% 23
\BOOKMARK [3][-]{subsubsection.3.4.3}{\376\377\003\221\003\275\003\304\003\271\003\303\003\304\003\254\003\303\003\265\003\271\003\302\000\040\003\221\003\275\003\254\003\264\003\301\003\261\003\303\003\267\003\302}{subsection.3.4}% 24
\BOOKMARK [3][-]{subsubsection.3.4.4}{\376\377\003\243\003\307\003\265\003\264\003\257\003\261\003\303\003\267\000\040\003\225\003\300\003\261\003\306\003\316\003\275}{subsection.3.4}% 25
\BOOKMARK [3][-]{subsubsection.3.4.5}{\376\377\003\246\003\261\003\271\003\275\003\314\003\274\003\265\003\275\003\277\000\040\003\232\003\265\003\301\003\261\003\257\003\261\003\302}{subsection.3.4}% 26
\BOOKMARK [1][-]{appendix.Alph1}{\376\377\003\246\003\305\003\303\003\271\003\272\003\314\000\040\003\303\003\307\003\255\003\264\003\271\003\277\000\040\003\265\003\275\003\271\003\303\003\307\003\305\003\304\003\256\000\040\003\303\003\306\003\254\003\273\003\274\003\261\003\304\003\277\003\302}{}% 27
